[INFO] Scanning for projects...
[INFO] 
[INFO] ---------------------< com.docucanvas:docu-canvas >---------------------
[INFO] Building DocuCanvas 0.0.1-SNAPSHOT
[INFO]   from pom.xml
[INFO] --------------------------------[ jar ]---------------------------------
[INFO] 
[INFO] --- resources:3.3.1:resources (default-resources) @ docu-canvas ---
[INFO] Copying 1 resource from src\main\resources to target\classes
[INFO] Copying 12 resources from src\main\resources to target\classes
[INFO] 
[INFO] --- compiler:3.13.0:compile (default-compile) @ docu-canvas ---
[INFO] Nothing to compile - all classes are up to date.
[INFO] 
[INFO] --- resources:3.3.1:testResources (default-testResources) @ docu-canvas ---
[INFO] skip non existing resourceDirectory C:\intelijent\Proyecto_Base_SpringBoot\src\test\resources
[INFO] 
[INFO] --- compiler:3.13.0:testCompile (default-testCompile) @ docu-canvas ---
[INFO] Recompiling the module because of changed source code.
[INFO] Compiling 3 source files with javac [debug parameters release 21] to target\test-classes
[INFO] -------------------------------------------------------------
[ERROR] COMPILATION ERROR : 
[INFO] -------------------------------------------------------------
[ERROR] /C:/intelijent/Proyecto_Base_SpringBoot/src/test/java/com/docucanvas/application/service/QuestionServiceTest.java:[15,36] cannot find symbol
  symbol:   class ImageResult
  location: package org.springframework.ai.image
[ERROR] /C:/intelijent/Proyecto_Base_SpringBoot/src/test/java/com/docucanvas/application/service/QuestionServiceTest.java:[60,13] cannot find symbol
  symbol:   class ImageResult
  location: class com.docucanvas.application.service.QuestionServiceTest
[INFO] 2 errors 
[INFO] -------------------------------------------------------------
[INFO] ------------------------------------------------------------------------
[INFO] BUILD FAILURE
[INFO] ------------------------------------------------------------------------
[INFO] Total time:  3.770 s
[INFO] Finished at: 2026-03-27T22:11:55-05:00
[INFO] ------------------------------------------------------------------------
[ERROR] Failed to execute goal org.apache.maven.plugins:maven-compiler-plugin:3.13.0:testCompile (default-testCompile) on project docu-canvas: Compilation failure: Compilation failure: 
[ERROR] /C:/intelijent/Proyecto_Base_SpringBoot/src/test/java/com/docucanvas/application/service/QuestionServiceTest.java:[15,36] cannot find symbol
[ERROR]   symbol:   class ImageResult
[ERROR]   location: package org.springframework.ai.image
[ERROR] /C:/intelijent/Proyecto_Base_SpringBoot/src/test/java/com/docucanvas/application/service/QuestionServiceTest.java:[60,13] cannot find symbol
[ERROR]   symbol:   class ImageResult
[ERROR]   location: class com.docucanvas.application.service.QuestionServiceTest
[ERROR] -> [Help 1]
[ERROR] 
[ERROR] To see the full stack trace of the errors, re-run Maven with the -e switch.
[ERROR] Re-run Maven using the -X switch to enable full debug logging.
[ERROR] 
[ERROR] For more information about the errors and possible solutions, please read the following articles:
[ERROR] [Help 1] http://cwiki.apache.org/confluence/display/MAVEN/MojoFailureException
